#
# There is insufficient memory for the Java Runtime Environment to continue.
# Native memory allocation (malloc) failed to allocate 1048576 bytes. Error detail: AllocateHeap
# Possible reasons:
#   The system is out of physical RAM or swap space
#   This process is running with CompressedOops enabled, and the Java Heap may be blocking the growth of the native heap
# Possible solutions:
#   Reduce memory load on the system
#   Increase physical memory or swap space
#   Check if swap backing store is full
#   Decrease Java heap size (-Xmx/-Xms)
#   Decrease number of Java threads
#   Decrease Java thread stack sizes (-Xss)
#   Set larger code cache with -XX:ReservedCodeCacheSize=
#   JVM is running with Unscaled Compressed Oops mode in which the Java heap is
#     placed in the first 4GB address space. The Java Heap base address is the
#     maximum limit for the native heap growth. Please use -XX:HeapBaseMinAddress
#     to set the Java Heap base and to place the Java Heap above 4GB virtual address.
# This output file may be truncated or incomplete.
#
#  Out of Memory Error (allocation.cpp:41), pid=40932, tid=39576
#
# JRE version:  (26.0.1+8) (build )
# Java VM: OpenJDK 64-Bit Server VM (26.0.1+8, mixed mode, sharing, tiered, compressed oops, compressed class ptrs, g1 gc, windows-amd64)
# No core dump will be written. Minidumps are not enabled by default on client versions of Windows
#

---------------  S U M M A R Y ------------

Command Line: -Dfile.encoding=UTF-8 --module-path=C:\Users\balla\OneDrive\Documents\NetBeansProjects\bank_management_system\build\classes bank_management_system.Transactions

Host: AMD Ryzen 5 7520U with Radeon Graphics         , 8 cores, 15G,  Windows 11 , 64 bit Build 26100 (10.0.26100.9168)
Time: Sat Aug 22 06:10:22 2026 India Standard Time elapsed time: 1.032685 seconds (0d 0h 0m 1s)

---------------  T H R E A D  ---------------

Current thread (0x00000179101cc8e0):  JavaThread "Unknown thread" [_thread_in_vm, id=39576, stack(0x0000000c5d600000,0x0000000c5d700000) (1024K)]

Stack: [0x0000000c5d600000,0x0000000c5d700000]
Native frames: (J=compiled Java code, j=interpreted, Vv=VM code, C=native code)
V  [jvm.dll+0x7db749]  (no source info available)
V  [jvm.dll+0x7a82bd]  (no source info available)
V  [jvm.dll+0xa44a60]  (no source info available)
V  [jvm.dll+0xa46eb1]  (no source info available)
V  [jvm.dll+0xa475c3]  (no source info available)
V  [jvm.dll+0x311a96]  (no source info available)
V  [jvm.dll+0xf2c87]  (no source info available)
V  [jvm.dll+0x3d57b8]  (no source info available)
V  [jvm.dll+0xa097da]  (no source info available)
V  [jvm.dll+0x471e02]  (no source info available)
V  [jvm.dll+0x9ec81f]  (no source info available)
V  [jvm.dll+0x515561]  (no source info available)
V  [jvm.dll+0x517021]  (no source info available)
C  [jli.dll+0x5456]  (no source info available)
C  [ucrtbase.dll+0x2cd30]  (no source info available)
C  [KERNEL32.DLL+0x2ccb7]  (no source info available)
C  [ntdll.dll+0xaad6c]  (no source info available)

Lock stack of current Java thread (top to bottom):


---------------  P R O C E S S  ---------------

Threads class SMR info:
_java_thread_list=0x00007ffa000a2e98, length=0, elements={
}

Java Threads: ( => current thread )
Total: 0

Other Threads:

=>0x00000179101cc8e0 (exited) JavaThread "Unknown thread"    [_thread_in_vm, id=39576, stack(0x0000000c5d600000,0x0000000c5d700000) (1024K)]
Total: 1

Threads with active compile tasks:
Total: 0

VM state: not at safepoint (not fully initialized)

VM Mutex/Monitor currently owned by a thread: None

Heap address: 0x0000000000000000, size: 0 MB, Compressed Oops mode: 32-bit

CDS archive(s) mapped at: [0x0000000000000000-0x0000000000000000-0x0000000000000000), size 0, SharedBaseAddress: 0x0000000800000000, ArchiveRelocationMode: 1.
UseCompressedClassPointers 1, UseCompactObjectHeaders 0
Narrow klass pointer bits 32, Max shift 3
Narrow klass base: 0xffffffffffffffff, Narrow klass shift: -1
Encoding Range: [0xffffffffffffffff - 0x000000007fffffff), (2147483648 bytes)
Klass Range:    [0x0000000000000000 - 0x0000000000000000), (0 bytes)
Klass ID Range:  [4294967295 - 0) (1)
No protection zone.

GC Precious Log:
 CardTable entry size: 512
 Card Set container configuration: InlinePtr #cards 4 size 8 Array Of Cards #cards 16 size 48 Howl #buckets 8 coarsen threshold 3686 Howl Bitmap #cards 512 size 80 coarsen threshold 460 Card regions per heap region 1 cards per card region 4096

GC Heap Usage History (0 events):
No events

Metaspace Usage History (0 events):
No events

Dll operation events (2 events):
Event: 0.012 Attempting to load shared library C:\Program Files\Apache NetBeans\jdk\bin\java.dll
Event: 0.014 Loaded shared library C:\Program Files\Apache NetBeans\jdk\bin\java.dll

Deoptimization events (0 events):
No events

Classes loaded (0 events):
No events

Classes unloaded (0 events):
No events

Classes redefined (0 events):
No events

Internal exceptions (0 events):
No events

VM Operations (0 events):
No events

Memory protections (0 events):
No events

Nmethod flushes (0 events):
No events

Events (0 events):
No events


Dynamic libraries:
0x00007ff7ed310000 - 0x00007ff7ed31e000 	C:\Program Files\Apache NetBeans\jdk\bin\java.exe
0x00007ffada0e0000 - 0x00007ffada346000 	C:\WINDOWS\SYSTEM32\ntdll.dll
0x00007ffad9e70000 - 0x00007ffad9f39000 	C:\WINDOWS\System32\KERNEL32.DLL
0x00007ffad7680000 - 0x00007ffad7a7f000 	C:\WINDOWS\System32\KERNELBASE.dll
0x00007ffad7cb0000 - 0x00007ffad7dfc000 	C:\WINDOWS\System32\ucrtbase.dll
0x00007ffac8cc0000 - 0x00007ffac8cde000 	C:\Program Files\Apache NetBeans\jdk\bin\VCRUNTIME140.dll
0x00007ffad1a20000 - 0x00007ffad1a37000 	C:\Program Files\Apache NetBeans\jdk\bin\jli.dll
0x00007ffad8900000 - 0x00007ffad8ac6000 	C:\WINDOWS\System32\USER32.dll
0x00007ffad72f0000 - 0x00007ffad7317000 	C:\WINDOWS\System32\win32u.dll
0x00007ffac55f0000 - 0x00007ffac5881000 	C:\WINDOWS\WinSxS\amd64_microsoft.windows.common-controls_6595b64144ccf1df_6.0.26100.8972_none_3e0da176e32f9d4b\COMCTL32.dll
0x00007ffad9a80000 - 0x00007ffad9b29000 	C:\WINDOWS\System32\msvcrt.dll
0x00007ffad88d0000 - 0x00007ffad88fb000 	C:\WINDOWS\System32\GDI32.dll
0x00007ffad7320000 - 0x00007ffad7449000 	C:\WINDOWS\System32\gdi32full.dll
0x00007ffad7510000 - 0x00007ffad75b3000 	C:\WINDOWS\System32\msvcp_win.dll
0x00007ffad8800000 - 0x00007ffad8832000 	C:\WINDOWS\System32\IMM32.DLL
0x00007ffab9630000 - 0x00007ffab963c000 	C:\Program Files\Apache NetBeans\jdk\bin\vcruntime140_1.dll
0x00007ffab8af0000 - 0x00007ffab8b7d000 	C:\Program Files\Apache NetBeans\jdk\bin\msvcp140.dll
0x00007ff9ff290000 - 0x00007ffa00229000 	C:\Program Files\Apache NetBeans\jdk\bin\server\jvm.dll
0x00007ffad9c00000 - 0x00007ffad9cbc000 	C:\WINDOWS\System32\ADVAPI32.dll
0x00007ffad9490000 - 0x00007ffad953a000 	C:\WINDOWS\System32\sechost.dll
0x00007ffad9960000 - 0x00007ffad9a78000 	C:\WINDOWS\System32\RPCRT4.dll
0x00007ffad9540000 - 0x00007ffad95c2000 	C:\WINDOWS\System32\WS2_32.dll
0x00007ffad7150000 - 0x00007ffad71ae000 	C:\WINDOWS\SYSTEM32\POWRPROF.dll
0x00007ffaccb40000 - 0x00007ffaccb76000 	C:\WINDOWS\SYSTEM32\WINMM.dll
0x00007ffac92b0000 - 0x00007ffac92bb000 	C:\WINDOWS\SYSTEM32\VERSION.dll
0x00007ffad7130000 - 0x00007ffad7145000 	C:\WINDOWS\SYSTEM32\UMPDC.dll
0x00007ffad5fe0000 - 0x00007ffad5ffb000 	C:\WINDOWS\SYSTEM32\kernel.appcore.dll
0x00007ffacb040000 - 0x00007ffacb04a000 	C:\Program Files\Apache NetBeans\jdk\bin\jimage.dll
0x00007ffad48b0000 - 0x00007ffad4af2000 	C:\WINDOWS\SYSTEM32\DBGHELP.DLL
0x00007ffad95d0000 - 0x00007ffad9955000 	C:\WINDOWS\System32\combase.dll
0x00007ffad8cd0000 - 0x00007ffad8da9000 	C:\WINDOWS\System32\OLEAUT32.dll
0x00007ffaac690000 - 0x00007ffaac6cb000 	C:\WINDOWS\SYSTEM32\dbgcore.DLL
0x00007ffad75c0000 - 0x00007ffad766c000 	C:\WINDOWS\System32\bcryptPrimitives.dll
0x00007ffad1aa0000 - 0x00007ffad1abe000 	C:\Program Files\Apache NetBeans\jdk\bin\java.dll
0x00007ffad7e10000 - 0x00007ffad7fa9000 	C:\WINDOWS\System32\ole32.dll
0x00007ffad7fb0000 - 0x00007ffad8738000 	C:\WINDOWS\System32\SHELL32.dll

JVMTI agents: none

dbghelp: loaded successfully - version: 4.0.5 - missing functions: none
symbol engine: initialized successfully - sym options: 0x614 - pdb path: .;C:\Program Files\Apache NetBeans\jdk\bin;C:\WINDOWS\SYSTEM32;C:\WINDOWS\WinSxS\amd64_microsoft.windows.common-controls_6595b64144ccf1df_6.0.26100.8972_none_3e0da176e32f9d4b;C:\Program Files\Apache NetBeans\jdk\bin\server

VM Arguments:
jvm_args: -Dfile.encoding=UTF-8 --module-path=C:\Users\balla\OneDrive\Documents\NetBeansProjects\bank_management_system\build\classes 
java_command: bank_management_system.Transactions
java_class_path (initial): D:\Jar files\jcalendar-1.4.jar;D:\Jar files\postgresql-42.7.11.jar;C:\Users\balla\OneDrive\Documents\NetBeansProjects\bank_management_system\build\classes
Launcher Type: SUN_STANDARD

[Global flags]
     bool AOTAdapterCaching                        = false                                  {diagnostic} {ergonomic}
     bool AOTInvokeDynamicLinking                  = false                                  {diagnostic} {ergonomic}
     bool AOTRecordTraining                        = false                                  {diagnostic} {ergonomic}
     bool AOTReplayTraining                        = false                                  {diagnostic} {ergonomic}
     bool AOTStubCaching                           = false                                  {diagnostic} {ergonomic}
     intx CICompilerCount                          = 4                                         {product} {ergonomic}
     uint ConcGCThreads                            = 2                                         {product} {ergonomic}
     uint G1ConcRefinementThreads                  = 8                                         {product} {ergonomic}
     uint G1EagerReclaimRemSetThreshold            = 16                                   {experimental} {ergonomic}
   size_t G1HeapRegionSize                         = 2097152                                   {product} {ergonomic}
     uint G1RemSetArrayOfCardsEntries              = 16                                   {experimental} {ergonomic}
     uint G1RemSetHowlMaxNumBuckets                = 8                                    {experimental} {ergonomic}
     uint G1RemSetHowlNumBuckets                   = 8                                    {experimental} {ergonomic}
   size_t InitialHeapSize                          = 8388608                                   {product} {ergonomic}
     bool IntelJccErratumMitigation                = false                             {ARCH diagnostic} {ergonomic}
   size_t MarkStackSize                            = 4194304                                   {product} {ergonomic}
   size_t MaxHeapSize                              = 4091543552                                {product} {ergonomic}
 uint64_t MaxRAM                                   = 16362815488                               {product} {ergonomic}
   size_t MinHeapDeltaBytes                        = 2097152                                   {product} {ergonomic}
   size_t MinHeapSize                              = 8388608                                   {product} {ergonomic}
   size_t NonNMethodCodeHeapSize                   = 5898240                                {pd product} {ergonomic}
   size_t NonProfiledCodeHeapSize                  = 122945536                              {pd product} {ergonomic}
   size_t ProfiledCodeHeapSize                     = 122945536                              {pd product} {ergonomic}
   size_t ReservedCodeCacheSize                    = 251789312                              {pd product} {ergonomic}
     bool SegmentedCodeCache                       = true                                      {product} {ergonomic}
   size_t SoftMaxHeapSize                          = 4091543552                             {manageable} {ergonomic}
     bool UseCompressedOops                        = true                           {product lp64_product} {ergonomic}
     bool UseCondCardMark                          = true                                      {product} {ergonomic}
     bool UseFastUnorderedTimeStamps               = true                                 {experimental} {ergonomic}
     bool UseG1GC                                  = true                                      {product} {ergonomic}
     bool UseLargePagesIndividualAllocation        = false                                  {pd product} {ergonomic}
      int X86ICacheSync                            = 3                                 {ARCH diagnostic} {ergonomic}

Logging:
Log output configuration:
 #0: stdout all=warning uptime,level,tags foldmultilines=false
 #1: stderr all=off uptime,level,tags foldmultilines=false

Release file:
<release file has not been read>
Environment Variables:
JAVA_HOME=C:\Program Files\Java\jdk-23
PATH=C:\Program Files\Common Files\Oracle\Java\javapath;C:\Program Files (x86)\Common Files\Oracle\Java\java8path;C:\Program Files (x86)\Common Files\Oracle\Java\javapath;D:\oracle\product\10.2.0\db_1\bin;C:\Program Files\Python39\Scripts\;C:\Program Files\Python39\;C:\Python312\Scripts\;C:\Python312\;C:\windows\system32;C:\windows;C:\windows\System32\Wbem;C:\windows\System32\WindowsPowerShell\v1.0\;C:\windows\System32\OpenSSH\;C:\Program Files\MySQL\MySQL Server 8.0\bin;C:\Program Files\nodejs\;C:\ProgramData\chocolatey\bin;D:\Git\cmd;C:\WINDOWS\system32;C:\WINDOWS;C:\WINDOWS\System32\Wbem;C:\WINDOWS\System32\WindowsPowerShell\v1.0\;C:\WINDOWS\System32\OpenSSH\;C:\Users\balla\OneDrive\Desktop\apache-tomcat-10.1.0-M1\bin;C:\Users\balla\Downloads\apache-maven-3.9.12-bin\apache-maven-3.9.12\bin;C:\Users\balla\AppData\Local\Programs\Python\Python39-32\Scripts\;C:\Users\balla\AppData\Local\Programs\Python\Python39-32\;C:\Users\balla\AppData\Local\Microsoft\WindowsApps;C:\Program Files\JetBrains\PyCharm Community Edition 2023.2.1\bin;;C:\Users\balla\AppData\Local\Programs\Microsoft VS Code\bin;C:\Users\balla\AppData\Roaming\npm;C:\ProgramData\balla\GitHubDesktop\bin;C:\Users\balla\AppData\Local\GitHubDesktop\bin;D:\bin;;C:\Program Files\Apache NetBeans\bin\
USERNAME=balla
OS=Windows_NT
PROCESSOR_IDENTIFIER=AMD64 Family 23 Model 160 Stepping 0, AuthenticAMD
TMP=C:\Users\balla\AppData\Local\Temp
TEMP=C:\Users\balla\AppData\Local\Temp




Compilation memory statistics disabled.

Periodic native trim disabled

---------------  S Y S T E M  ---------------

OS:
 Windows 11 , 64 bit Build 26100 (10.0.26100.9168)
OS uptime: 1 days 19:40 hours
Hyper-V role detected

CPU: total 8 (initial active 8) (4 cores per cpu, 2 threads per core) family 23 model 160 stepping 0 microcode 0x8a0000b, cx8, cmov, fxsr, ht, mmx, 3dnowpref, sse, sse2, sse3, ssse3, sse4a, sse4.1, sse4.2, popcnt, lzcnt, tsc, tscinvbit, avx, avx2, aes, clmul, bmi1, bmi2, adx, sha, fma, vzeroupper, clflush, clflushopt, clwb, hv, rdtscp, rdpid, f16c
Processor Information for the first 8 processors :
  Max Mhz: 2801, Current Mhz: 2801, Mhz Limit: 2801

Memory: 4k page, system-wide physical 15604M (354M free)
TotalPageFile size 38931M (AvailPageFile size 1M)
current process WorkingSet (physical memory assigned to process): 13M, peak: 13M
current process commit charge ("private bytes"): 15M, peak: 16M

vm_info: OpenJDK 64-Bit Server VM (26.0.1+8) for windows-amd64 JRE (26.0.1+8), built on 2026-04-21T00:00:00Z with MS VC++ 17.12 (VS2022)

END.
